// Jest Snapshot v1, https://goo.gl/fbAQLP

exports[`should test Header component 1`] = `
<Fragment>
  <WithStyles(ForwardRef(Grid))
    container={true}
  >
    <a
      className="makeStyles-webAnchor-2"
      href="https://glasswall-desktop.com"
      title="k8-proxy-desktop"
    >
      Glasswall Desktop
    </a>
    <h3
      className="makeStyles-releaseHeading-4"
    >
       
      <a
        className="makeStyles-webHeading-12"
        href="https://github.com/k8-proxy/glasswall-desktop/releases"
      >
         Realease Note
      </a>
    </h3>
    <WithStyles(ForwardRef(Grid))
      className="makeStyles-releaseNoteContainer-3"
      key="0"
    >
      <div
        className="makeStyles-releaseGrid-5"
      >
        <div
          className="makeStyles-releaseList-6"
        >
          <div
            className="makeStyles-releaseVersion-7"
          >
            1.0.0
          </div>
          <h4
            className="makeStyles-releaseDate-8"
          >
            December 16th 2020
             
          </h4>
        </div>
        <div
          className="makeStyles-releaseContent-9"
        >
          <span
            className="makeStyles-releaseStatusFixed-10"
          >
            Fixed
          </span>
          <p
            className="makeStyles-releaseText-11"
          >
            Integrated Geotiff file processing support with Cloud and Docker.
          </p>
        </div>
      </div>
    </WithStyles(ForwardRef(Grid))>
    <WithStyles(ForwardRef(Grid))
      className="makeStyles-releaseNoteContainer-3"
      key="1"
    >
      <div
        className="makeStyles-releaseGrid-5"
      >
        <div
          className="makeStyles-releaseList-6"
        >
          <div
            className="makeStyles-releaseVersion-7"
          >
            1.0.0
          </div>
          <h4
            className="makeStyles-releaseDate-8"
          >
            November 16th 2020
             
          </h4>
        </div>
        <div
          className="makeStyles-releaseContent-9"
        >
          <span
            className="makeStyles-releaseStatusFixed-10"
          >
            Fixed
          </span>
          <p
            className="makeStyles-releaseText-11"
          >
            Integrated new Docker image Name/TAG with Application.
          </p>
        </div>
      </div>
    </WithStyles(ForwardRef(Grid))>
    <WithStyles(ForwardRef(Grid))
      className="makeStyles-releaseNoteContainer-3"
      key="2"
    >
      <div
        className="makeStyles-releaseGrid-5"
      >
        <div
          className="makeStyles-releaseList-6"
        >
          <div
            className="makeStyles-releaseVersion-7"
          >
            1.0.0
          </div>
          <h4
            className="makeStyles-releaseDate-8"
          >
            December 10th  2020
             
          </h4>
        </div>
        <div
          className="makeStyles-releaseContent-9"
        >
          <span
            className="makeStyles-releaseStatusFixed-10"
          >
            Fixed
          </span>
          <p
            className="makeStyles-releaseText-11"
          >
            Analysis of files rebuild has been integrated in cloud and docker.
          </p>
        </div>
      </div>
    </WithStyles(ForwardRef(Grid))>
    <WithStyles(ForwardRef(Grid))
      className="makeStyles-releaseNoteContainer-3"
      key="3"
    >
      <div
        className="makeStyles-releaseGrid-5"
      >
        <div
          className="makeStyles-releaseList-6"
        >
          <div
            className="makeStyles-releaseVersion-7"
          >
            1.0.0
          </div>
          <h4
            className="makeStyles-releaseDate-8"
          >
            December 8th  2020
             
          </h4>
        </div>
        <div
          className="makeStyles-releaseContent-9"
        >
          <span
            className="makeStyles-releaseStatusFixed-10"
          >
            Fixed
          </span>
          <p
            className="makeStyles-releaseText-11"
          >
            Maintained History for Policy Management changes.
          </p>
        </div>
      </div>
    </WithStyles(ForwardRef(Grid))>
    <WithStyles(ForwardRef(Grid))
      className="makeStyles-releaseNoteContainer-3"
      key="4"
    >
      <div
        className="makeStyles-releaseGrid-5"
      >
        <div
          className="makeStyles-releaseList-6"
        >
          <div
            className="makeStyles-releaseVersion-7"
          >
            1.0.0
          </div>
          <h4
            className="makeStyles-releaseDate-8"
          >
            December 3rd  2020
             
          </h4>
        </div>
        <div
          className="makeStyles-releaseContent-9"
        >
          <span
            className="makeStyles-releaseStatusFixed-10"
          >
            Fixed
          </span>
          <p
            className="makeStyles-releaseText-11"
          >
            Policy Management applied to files rebuilt through Cloud Versionn
          </p>
        </div>
      </div>
    </WithStyles(ForwardRef(Grid))>
  </WithStyles(ForwardRef(Grid))>
  <Footer />
</Fragment>
`;
