// Jest Snapshot v1, https://goo.gl/fbAQLP

exports[`should test Header component 1`] = `
<div>
  <div
    className="makeStyles-root-1"
  >
    <SideDrawer
      showBack={false}
    />
    <main
      className="makeStyles-content-15"
    >
      <div
        className="makeStyles-toolbar-14"
      />
      <div
        className="makeStyles-contentArea-16"
      >
        <h3>
          Session History
        </h3>
        <div
          className="makeStyles-tableContainer-44"
        >
          <div>
            <div
              className="makeStyles-tableField-26"
            >
              <div
                className="makeStyles-settings-28"
              >
                <div
                  className="makeStyles-btnHeading-29"
                >
                  <div
                    className="makeStyles-headingGroup-30"
                  >
                    <div
                      className="makeStyles-toggleContainer-37"
                    />
                    <div
                      className="makeStyles-toggleContainer-37"
                    />
                  </div>
                </div>
              </div>
            </div>
          </div>
        </div>
      </div>
    </main>
  </div>
  <Footer />
</div>
`;
